// Jest Snapshot v1, https://goo.gl/fbAQLP

exports[`footer component renders the <Footer /> component 1`] = `ShallowWrapper {}`;
