// Jest Snapshot v1, https://goo.gl/fbAQLP

exports[`profile settings page component renders the <ProfileSettingsPage /> component 1`] = `ShallowWrapper {}`;
