// Jest Snapshot v1, https://goo.gl/fbAQLP

exports[`not found page component renders the <NotFoundPage /> component 1`] = `ShallowWrapper {}`;
